- id: o3-high
  slug: o3-high
  model: o3 (high)
  provider: OpenAI
  averageScore: 90.26
  costPerTask: 1.72
  costBenchmarkCount: 3
  benchmarkCount: 6
  totalBenchmarks: 9
  totalCostBenchmarks: 4
- id: gemini-2.5-pro-06-05
  slug: gemini-2.5-pro-06-05
  model: Gemini 2.5 Pro 06/05
  provider: Google
  averageScore: 87.59
  costPerTask: 2.19
  costBenchmarkCount: 4
  benchmarkCount: 9
  totalBenchmarks: 9
  totalCostBenchmarks: 4
- id: o3-medium
  slug: o3-medium
  model: o3 (medium)
  provider: OpenAI
  averageScore: 83.78
  costPerTask: 1.01
  costBenchmarkCount: 4
  benchmarkCount: 8
  totalBenchmarks: 9
  totalCostBenchmarks: 4
- id: o4-mini-high
  slug: o4-mini-high
  model: o4-mini (high)
  provider: OpenAI
  averageScore: 80.27
  costPerTask: 1.4
  costBenchmarkCount: 4
  benchmarkCount: 8
  totalBenchmarks: 9
  totalCostBenchmarks: 4
- id: claude-opus-4-thinking
  slug: claude-opus-4-thinking
  model: Claude 4 Opus (thinking)
  provider: Anthropic
  averageScore: 77.89
  costPerTask: 4.6
  costBenchmarkCount: 4
  benchmarkCount: 8
  totalBenchmarks: 9
  totalCostBenchmarks: 4
- id: deepseek-r1-0528
  slug: deepseek-r1-0528
  model: DeepSeek R1 05/28
  provider: DeepSeek
  averageScore: 63.88
  costPerTask: 0.28
  costBenchmarkCount: 4
  benchmarkCount: 8
  totalBenchmarks: 9
  totalCostBenchmarks: 4
- id: claude-sonnet-4-thinking
  slug: claude-sonnet-4-thinking
  model: Claude 4 Sonnet (thinking)
  provider: Anthropic
  averageScore: 62.59
  costPerTask: 1.23
  costBenchmarkCount: 4
  benchmarkCount: 8
  totalBenchmarks: 9
  totalCostBenchmarks: 4
- id: gemini-2.5-flash-0520-thinking
  slug: gemini-2.5-flash-0520-thinking
  model: Gemini 2.5 Flash 05/20 (thinking)
  provider: Google
  averageScore: 58.14
  costPerTask: 0.62
  costBenchmarkCount: 4
  benchmarkCount: 8
  totalBenchmarks: 9
  totalCostBenchmarks: 4
- id: claude-opus-4-nothinking
  slug: claude-opus-4-nothinking
  model: Claude 4 Opus (no thinking)
  provider: Anthropic
  averageScore: 49.38
  costPerTask: 2.03
  costBenchmarkCount: 4
  benchmarkCount: 8
  totalBenchmarks: 9
  totalCostBenchmarks: 4
- id: gemini-2.5-flash-0520-nothinking
  slug: gemini-2.5-flash-0520-nothinking
  model: Gemini 2.5 Flash 05/20 (no thinking)
  provider: Google
  averageScore: 42.14
  costPerTask: 0.09
  costBenchmarkCount: 4
  benchmarkCount: 5
  totalBenchmarks: 9
  totalCostBenchmarks: 4
